// Jest Snapshot v1, https://goo.gl/fbAQLP

exports[`Button has valid snapshot 1`] = `
<button
  className=""
  onClick={undefined}
  type="button"
>
  More results
</button>
`;
