// Jest Snapshot v1, https://goo.gl/fbAQLP

exports[`App has valid snapshot 1`] = `
<div
  className="c-page"
>
  <div
    className="interactions"
  >
    <form
      onSubmit={[Function]}
    >
      <input
        onChange={[Function]}
        type="text"
        value="redux"
      />
      <button
        type="submit"
      >
        Search
      </button>
    </form>
  </div>
  <div
    className="c-table"
  />
  <div
    className="interactions"
  >
    <div
      className="c-throbber"
    >
      <div
        className="c-throbber__small"
      />
    </div>
  </div>
</div>
`;
