// Jest Snapshot v1, https://goo.gl/fbAQLP

exports[`Table has valid snapshot 1`] = `
<div
  className="c-table"
>
  <div
    className="c-table__row"
  >
    <span>
      <a
        className="c-column--large"
        href={undefined}
      >
        title 1
         
      </a>
      <span
        className="c-column--medium"
      >
        author 1
         
      </span>
      <span
        className="c-column--small"
      >
         
      </span>
      <span
        className="c-column--small"
      >
        2
      </span>
    </span>
    <span>
      <button
        className="c-button--inline"
        onClick={[Function]}
        type="button"
      >
        Dismiss
      </button>
    </span>
  </div>
  <div
    className="c-table__row"
  >
    <span>
      <a
        className="c-column--large"
        href={undefined}
      >
        title 2
         
      </a>
      <span
        className="c-column--medium"
      >
        author 2
         
      </span>
      <span
        className="c-column--small"
      >
         
      </span>
      <span
        className="c-column--small"
      >
        3
      </span>
    </span>
    <span>
      <button
        className="c-button--inline"
        onClick={[Function]}
        type="button"
      >
        Dismiss
      </button>
    </span>
  </div>
</div>
`;
