// Jest Snapshot v1, https://goo.gl/fbAQLP

exports[`Throbber has valid snapshot 1`] = `
<div
  className="c-throbber"
>
  <div
    className="test-class-name"
  />
</div>
`;
